// Jest Snapshot v1, https://goo.gl/fbAQLP

exports[`Will no longer show the letter buttons after six wrong guesses. 1`] = `
<div>
  <div
    class="Snowman"
  >
    <img
      alt="6"
      src="6.png"
    />
    <p>
      Number wrong: 
      6
    </p>
    <p
      class="Snowman-word"
    >
      _
      _
      _
      _
      _
    </p>
    <p
      class="Snowman-play-area"
    >
      You lose
    </p>
  </div>
</div>
`;
